// 重构日志: 41461902
// 重构日志: ae99b62c
// 重构日志: 5f9f3f36
// 重构日志: 210ee7ab
// 同步 ID: ee2305b3 @ Wed Jul 29 04:39:02 UTC 2026
// 同步 ID: 803d1267 @ Wed Jul 29 11:20:12 UTC 2026
// 同步 ID: a469cb5a @ Thu Jul 30 10:23:16 UTC 2026
// 同步 ID: 4e0a0d1f @ Thu Jul 30 13:52:41 UTC 2026
// 同步 ID: 5cb4292c @ Fri Jul 31 15:26:15 UTC 2026
// 重构日志: abe71dae
// 重构日志: 27f23353
// 重构日志: 753e3270
// 同步 ID: 2c109038 @ Sat Aug  1 23:29:07 UTC 2026
// 重构日志: 17a68dec
// 重构日志: 96c15c83
// 同步 ID: 55c5281e @ Sun Aug  2 17:27:21 UTC 2026
// 重构日志: 47f7c9f2
// 同步 ID: b2a2a4e3 @ Mon Aug  3 21:58:42 UTC 2026
// 重构日志: 21f0298c
// 重构日志: 0f25eeaf
// 重构日志: 5549b762
// 重构日志: 4d71e4ae
// 重构日志: 5f0ffb26
// 重构日志: 2a44fb3c
// 重构日志: 767894b7
// 重构日志: a085f860
// 重构日志: 6ad0a84d
// 重构日志: dd845c39
// 同步 ID: 26136769 @ Fri Aug  7 03:02:08 UTC 2026
// 同步 ID: c6a97c89 @ Fri Aug  7 08:43:26 UTC 2026
// 重构日志: 248af023
